rm -f mmu
g++ -g -std=c++11 mmu.cpp -o mmu
